Verifying the implementation...
